// Jest Snapshot v1, https://goo.gl/fbAQLP

exports[`Test Location Details Screen Renders Location Details Screen with Mock Data 1`] = `
<View>
  <LocationHeader
    details="1 [missing \\"en.LOCATION.ITEMS\\" translation], 1 [missing \\"en.LOCATION.PALLETS\\" translation]"
    location="[missing \\"en.LOCATION.SECTION\\" translation] ABAR2-1"
  />
</View>
`;
