// Jest Snapshot v1, https://goo.gl/fbAQLP

exports[`PalletManagementScreen Tests rendering Get Pallet Details Api responses Renders Loading indicator if get pallet details waiting for an api response 1`] = `
<ActivityIndicator
  animating={true}
  color="#0071e9"
  hidesWhenStopped={true}
  size="large"
  style={
    Object {
      "alignItems": "center",
      "flex": 1,
      "justifyContent": "center",
    }
  }
/>
`;

exports[`PalletManagementScreen Tests rendering Get Pallet Info Api responses Renders Loading indicator if get pallet info waiting for an api response 1`] = `
<ActivityIndicator
  animating={true}
  color="#0071e9"
  hidesWhenStopped={true}
  size="large"
  style={
    Object {
      "alignItems": "center",
      "flex": 1,
      "justifyContent": "center",
    }
  }
/>
`;

exports[`PalletManagementScreen Tests rendering the PalletManagement Screen Renders the PalletManagement default  1`] = `
<View
  style={
    Object {
      "alignItems": "center",
      "flex": 1,
      "flexDirection": "column",
      "justifyContent": "center",
      "width": 370,
    }
  }
>
  <ForwardRef
    onPress={[Function]}
  >
    <mockConstructor
      color="#000000"
      name="barcode-scan"
      size={100}
    />
  </ForwardRef>
  <View
    style={
      Object {
        "paddingTop": 30,
      }
    }
  >
    <Text>
      [missing "en.PALLET.SCAN_PALLET" translation]
    </Text>
  </View>
  <View
    style={
      Object {
        "paddingTop": 20,
      }
    }
  >
    <Text>
      [missing "en.GENERICS.OR" translation]
    </Text>
  </View>
  <View
    style={
      Object {
        "paddingTop": 20,
        "width": 200,
      }
    }
  >
    <TextInput
      allowFontScaling={true}
      keyboardType="numeric"
      onChangeText={[Function]}
      onSubmitEditing={[Function]}
      placeholder="[missing \\"en.PALLET.ENTER_PALLET_ID\\" translation]"
      rejectResponderTermination={true}
      style={
        Object {
          "borderWidth": 1,
          "color": "#000000",
          "paddingLeft": 10,
        }
      }
      underlineColorAndroid="transparent"
      value=""
    />
  </View>
</View>
`;
