// Jest Snapshot v1, https://goo.gl/fbAQLP

exports[`Sales floor workflow tests renders the screen with one item on pallet 1`] = `
<ForwardRef(SafeAreaView)
  style={
    Object {
      "flex": 1,
      "flexDirection": "column",
    }
  }
>
  <PickPalletInfoCard
    onPress={[Function]}
    palletId={43}
    palletLocation="ABAR1-2"
    pickListItems={Array []}
    pickStatus="ready to work"
  />
  <View
    style={
      Object {
        "alignItems": "center",
        "justifyContent": "center",
        "padding": 5,
      }
    }
  >
    <Text
      style={
        Object {
          "fontSize": 13,
        }
      }
    >
      [missing "en.PICKING.UPDATE_REMAINING_QTY" translation]
    </Text>
  </View>
  <FlatList
    data={
      Array [
        Object {
          "assignedAssociate": "",
          "category": 3,
          "createTS": "yesterday",
          "createdBy": "Guude",
          "id": 0,
          "itemDesc": "generic description",
          "itemNbr": 1,
          "moveToFront": false,
          "palletId": 43,
          "palletLocationId": 4,
          "palletLocationName": "ABAR1-2",
          "quickPick": false,
          "salesFloorLocationId": 5,
          "salesFloorLocationName": "ABAR1-3",
          "status": "ready to work",
          "upcNbr": "1234567890123",
        },
      ]
    }
    disableVirtualization={false}
    horizontal={false}
    initialNumToRender={10}
    keyExtractor={[Function]}
    maxToRenderPerBatch={10}
    numColumns={1}
    onEndReachedThreshold={2}
    removeClippedSubviews={false}
    renderItem={[Function]}
    scrollEventThrottle={50}
    updateCellsBatchingPeriod={50}
    windowSize={21}
  />
  <View
    style={
      Object {
        "borderTopColor": "#bdbdbd",
        "borderTopWidth": 2,
        "flexDirection": "row",
        "marginTop": "auto",
        "width": "100%",
      }
    }
  >
    <Button
      backgroundColor="#0071e9"
      disabled={false}
      height={45}
      onPress={[Function]}
      radius={5}
      style={
        Object {
          "flex": 1,
          "margin": 5,
        }
      }
      testId="complete"
      title="[missing \\"en.PICKING.COMPLETE\\" translation]"
      titleColor="#ffffffff"
      titleFontSize={16}
      titleFontWeight="normal"
      type={1}
      width={-1}
    />
    <Button
      backgroundColor="#0071e9"
      disabled={false}
      height={45}
      onPress={[Function]}
      radius={5}
      style={
        Object {
          "flex": 1,
          "margin": 5,
        }
      }
      testId="bin"
      title="[missing \\"en.PICKING.READY_TO_BIN\\" translation]"
      titleColor="#ffffffff"
      titleFontSize={16}
      titleFontWeight="normal"
      type={1}
      width={-1}
    />
  </View>
</ForwardRef(SafeAreaView)>
`;

exports[`Sales floor workflow tests renders the screen with several items on the pallet 1`] = `
<ActivityIndicator
  animating={true}
  color="#0071e9"
  hidesWhenStopped={true}
  size="large"
  style={
    Object {
      "alignItems": "center",
      "flex": 1,
      "justifyContent": "center",
    }
  }
/>
`;

exports[`Sales floor workflow tests shows the retry button when get pallet details errors 1`] = `
<View
  style={
    Object {
      "alignItems": "center",
      "flex": 1,
      "justifyContent": "center",
      "paddingHorizontal": 15,
      "paddingVertical": 15,
    }
  }
>
  <mockConstructor
    color="#e57373"
    name="error"
    size={60}
  />
  <Text
    style={
      Object {
        "marginVertical": 10,
        "textAlign": "center",
      }
    }
  >
    [missing "en.PALLET.PALLET_DETAILS_ERROR" translation]
  </Text>
  <ForwardRef
    onPress={[Function]}
    style={
      Object {
        "alignItems": "center",
        "backgroundColor": "#e57373",
        "borderRadius": 4,
        "height": 40,
        "justifyContent": "center",
        "width": "100%",
      }
    }
  >
    <Text>
      [missing "en.GENERICS.RETRY" translation]
    </Text>
  </ForwardRef>
</View>
`;
