// Jest Snapshot v1, https://goo.gl/fbAQLP

exports[`ImageWrapper Component Renders a ImageWrapper with country code CN 1`] = `
<View>
  <FastImage
    onError={[Function]}
    resizeMode="contain"
    source=""
    style={
      Object {
        "height": 80,
        "width": 80,
      }
    }
  />
</View>
`;

exports[`ImageWrapper Component Renders a ImageWrapper with country code MX 1`] = `
<View>
  <FastImage
    onError={[Function]}
    resizeMode="contain"
    source=""
    style={
      Object {
        "height": 80,
        "width": 80,
      }
    }
  />
</View>
`;
