// Jest Snapshot v1, https://goo.gl/fbAQLP

exports[`ReservePalletList Component Renders a list of ReservePallets 1`] = `
<View
  style={
    Object {
      "flex": 1,
    }
  }
>
  <FlatList
    data={
      Array [
        Object {
          "items": Array [
            Object {
              "itemDesc": "Nature Valley Honey Nut Granola Bars",
              "itemNbr": 500252,
            },
            Object {
              "itemDesc": "Cabbage",
              "itemNbr": 123456,
            },
          ],
          "palletCreateTS": "2021-01-01",
          "palletId": 1,
        },
        Object {
          "items": Array [
            Object {
              "itemDesc": "Nature Valley Granola Bars",
              "itemNbr": 555555,
            },
          ],
          "palletCreateTS": "2021-01-10",
          "palletId": 123,
        },
        Object {
          "items": Array [
            Object {
              "itemDesc": "Cabbage",
              "itemNbr": 980012,
            },
          ],
          "palletCreateTS": "1999-10-10",
          "palletId": 456,
        },
      ]
    }
    disableVirtualization={false}
    horizontal={false}
    initialNumToRender={10}
    keyExtractor={[Function]}
    maxToRenderPerBatch={10}
    numColumns={1}
    onEndReachedThreshold={2}
    removeClippedSubviews={false}
    renderItem={[Function]}
    scrollEventThrottle={50}
    updateCellsBatchingPeriod={50}
    windowSize={21}
  />
</View>
`;

exports[`ReservePalletList Component Renders a long list of ReservePallets 1`] = `
<View
  style={
    Object {
      "flex": 1,
    }
  }
>
  <FlatList
    data={
      Array [
        Object {
          "items": Array [
            Object {
              "itemDesc": "Nature Valley Honey Nut Granola Bars",
              "itemNbr": 500252,
            },
            Object {
              "itemDesc": "Cabbage",
              "itemNbr": 123456,
            },
          ],
          "palletCreateTS": "2021-01-01",
          "palletId": 1,
        },
        Object {
          "items": Array [
            Object {
              "itemDesc": "Nature Valley Honey Nut Granola Bars",
              "itemNbr": 500252,
            },
            Object {
              "itemDesc": "Cabbage",
              "itemNbr": 123456,
            },
          ],
          "palletCreateTS": "2021-01-01",
          "palletId": 1,
        },
        Object {
          "items": Array [
            Object {
              "itemDesc": "Nature Valley Honey Nut Granola Bars",
              "itemNbr": 500252,
            },
            Object {
              "itemDesc": "Cabbage",
              "itemNbr": 123456,
            },
          ],
          "palletCreateTS": "2021-01-01",
          "palletId": 1,
        },
        Object {
          "items": Array [
            Object {
              "itemDesc": "Nature Valley Honey Nut Granola Bars",
              "itemNbr": 500252,
            },
            Object {
              "itemDesc": "Cabbage",
              "itemNbr": 123456,
            },
          ],
          "palletCreateTS": "2021-01-01",
          "palletId": 1,
        },
        Object {
          "items": Array [
            Object {
              "itemDesc": "Nature Valley Honey Nut Granola Bars",
              "itemNbr": 500252,
            },
            Object {
              "itemDesc": "Cabbage",
              "itemNbr": 123456,
            },
          ],
          "palletCreateTS": "2021-01-01",
          "palletId": 1,
        },
        Object {
          "items": Array [
            Object {
              "itemDesc": "Nature Valley Honey Nut Granola Bars",
              "itemNbr": 500252,
            },
            Object {
              "itemDesc": "Cabbage",
              "itemNbr": 123456,
            },
          ],
          "palletCreateTS": "2021-01-01",
          "palletId": 1,
        },
        Object {
          "items": Array [
            Object {
              "itemDesc": "Nature Valley Honey Nut Granola Bars",
              "itemNbr": 500252,
            },
            Object {
              "itemDesc": "Cabbage",
              "itemNbr": 123456,
            },
          ],
          "palletCreateTS": "2021-01-01",
          "palletId": 1,
        },
        Object {
          "items": Array [
            Object {
              "itemDesc": "Nature Valley Honey Nut Granola Bars",
              "itemNbr": 500252,
            },
            Object {
              "itemDesc": "Cabbage",
              "itemNbr": 123456,
            },
          ],
          "palletCreateTS": "2021-01-01",
          "palletId": 1,
        },
        Object {
          "items": Array [
            Object {
              "itemDesc": "Nature Valley Honey Nut Granola Bars",
              "itemNbr": 500252,
            },
            Object {
              "itemDesc": "Cabbage",
              "itemNbr": 123456,
            },
          ],
          "palletCreateTS": "2021-01-01",
          "palletId": 1,
        },
        Object {
          "items": Array [
            Object {
              "itemDesc": "Nature Valley Honey Nut Granola Bars",
              "itemNbr": 500252,
            },
            Object {
              "itemDesc": "Cabbage",
              "itemNbr": 123456,
            },
          ],
          "palletCreateTS": "2021-01-01",
          "palletId": 1,
        },
        Object {
          "items": Array [
            Object {
              "itemDesc": "Nature Valley Honey Nut Granola Bars",
              "itemNbr": 500252,
            },
            Object {
              "itemDesc": "Cabbage",
              "itemNbr": 123456,
            },
          ],
          "palletCreateTS": "2021-01-01",
          "palletId": 1,
        },
        Object {
          "items": Array [
            Object {
              "itemDesc": "Nature Valley Honey Nut Granola Bars",
              "itemNbr": 500252,
            },
            Object {
              "itemDesc": "Cabbage",
              "itemNbr": 123456,
            },
          ],
          "palletCreateTS": "2021-01-01",
          "palletId": 1,
        },
        Object {
          "items": Array [
            Object {
              "itemDesc": "Nature Valley Honey Nut Granola Bars",
              "itemNbr": 500252,
            },
            Object {
              "itemDesc": "Cabbage",
              "itemNbr": 123456,
            },
          ],
          "palletCreateTS": "2021-01-01",
          "palletId": 1,
        },
        Object {
          "items": Array [
            Object {
              "itemDesc": "Nature Valley Honey Nut Granola Bars",
              "itemNbr": 500252,
            },
            Object {
              "itemDesc": "Cabbage",
              "itemNbr": 123456,
            },
          ],
          "palletCreateTS": "2021-01-01",
          "palletId": 1,
        },
        Object {
          "items": Array [
            Object {
              "itemDesc": "Nature Valley Honey Nut Granola Bars",
              "itemNbr": 500252,
            },
            Object {
              "itemDesc": "Cabbage",
              "itemNbr": 123456,
            },
          ],
          "palletCreateTS": "2021-01-01",
          "palletId": 1,
        },
        Object {
          "items": Array [
            Object {
              "itemDesc": "Nature Valley Honey Nut Granola Bars",
              "itemNbr": 500252,
            },
            Object {
              "itemDesc": "Cabbage",
              "itemNbr": 123456,
            },
          ],
          "palletCreateTS": "2021-01-01",
          "palletId": 1,
        },
        Object {
          "items": Array [
            Object {
              "itemDesc": "Nature Valley Honey Nut Granola Bars",
              "itemNbr": 500252,
            },
            Object {
              "itemDesc": "Cabbage",
              "itemNbr": 123456,
            },
          ],
          "palletCreateTS": "2021-01-01",
          "palletId": 1,
        },
        Object {
          "items": Array [
            Object {
              "itemDesc": "Nature Valley Honey Nut Granola Bars",
              "itemNbr": 500252,
            },
            Object {
              "itemDesc": "Cabbage",
              "itemNbr": 123456,
            },
          ],
          "palletCreateTS": "2021-01-01",
          "palletId": 1,
        },
        Object {
          "items": Array [
            Object {
              "itemDesc": "Nature Valley Honey Nut Granola Bars",
              "itemNbr": 500252,
            },
            Object {
              "itemDesc": "Cabbage",
              "itemNbr": 123456,
            },
          ],
          "palletCreateTS": "2021-01-01",
          "palletId": 1,
        },
        Object {
          "items": Array [
            Object {
              "itemDesc": "Nature Valley Honey Nut Granola Bars",
              "itemNbr": 500252,
            },
            Object {
              "itemDesc": "Cabbage",
              "itemNbr": 123456,
            },
          ],
          "palletCreateTS": "2021-01-01",
          "palletId": 1,
        },
        Object {
          "items": Array [
            Object {
              "itemDesc": "Nature Valley Honey Nut Granola Bars",
              "itemNbr": 500252,
            },
            Object {
              "itemDesc": "Cabbage",
              "itemNbr": 123456,
            },
          ],
          "palletCreateTS": "2021-01-01",
          "palletId": 1,
        },
        Object {
          "items": Array [
            Object {
              "itemDesc": "Nature Valley Honey Nut Granola Bars",
              "itemNbr": 500252,
            },
            Object {
              "itemDesc": "Cabbage",
              "itemNbr": 123456,
            },
          ],
          "palletCreateTS": "2021-01-01",
          "palletId": 1,
        },
        Object {
          "items": Array [
            Object {
              "itemDesc": "Nature Valley Honey Nut Granola Bars",
              "itemNbr": 500252,
            },
            Object {
              "itemDesc": "Cabbage",
              "itemNbr": 123456,
            },
          ],
          "palletCreateTS": "2021-01-01",
          "palletId": 1,
        },
        Object {
          "items": Array [
            Object {
              "itemDesc": "Nature Valley Honey Nut Granola Bars",
              "itemNbr": 500252,
            },
            Object {
              "itemDesc": "Cabbage",
              "itemNbr": 123456,
            },
          ],
          "palletCreateTS": "2021-01-01",
          "palletId": 1,
        },
        Object {
          "items": Array [
            Object {
              "itemDesc": "Nature Valley Honey Nut Granola Bars",
              "itemNbr": 500252,
            },
            Object {
              "itemDesc": "Cabbage",
              "itemNbr": 123456,
            },
          ],
          "palletCreateTS": "2021-01-01",
          "palletId": 1,
        },
        Object {
          "items": Array [
            Object {
              "itemDesc": "Nature Valley Honey Nut Granola Bars",
              "itemNbr": 500252,
            },
            Object {
              "itemDesc": "Cabbage",
              "itemNbr": 123456,
            },
          ],
          "palletCreateTS": "2021-01-01",
          "palletId": 1,
        },
        Object {
          "items": Array [
            Object {
              "itemDesc": "Nature Valley Honey Nut Granola Bars",
              "itemNbr": 500252,
            },
            Object {
              "itemDesc": "Cabbage",
              "itemNbr": 123456,
            },
          ],
          "palletCreateTS": "2021-01-01",
          "palletId": 1,
        },
        Object {
          "items": Array [
            Object {
              "itemDesc": "Nature Valley Honey Nut Granola Bars",
              "itemNbr": 500252,
            },
            Object {
              "itemDesc": "Cabbage",
              "itemNbr": 123456,
            },
          ],
          "palletCreateTS": "2021-01-01",
          "palletId": 1,
        },
        Object {
          "items": Array [
            Object {
              "itemDesc": "Nature Valley Honey Nut Granola Bars",
              "itemNbr": 500252,
            },
            Object {
              "itemDesc": "Cabbage",
              "itemNbr": 123456,
            },
          ],
          "palletCreateTS": "2021-01-01",
          "palletId": 1,
        },
        Object {
          "items": Array [
            Object {
              "itemDesc": "Nature Valley Honey Nut Granola Bars",
              "itemNbr": 500252,
            },
            Object {
              "itemDesc": "Cabbage",
              "itemNbr": 123456,
            },
          ],
          "palletCreateTS": "2021-01-01",
          "palletId": 1,
        },
        Object {
          "items": Array [
            Object {
              "itemDesc": "Nature Valley Honey Nut Granola Bars",
              "itemNbr": 500252,
            },
            Object {
              "itemDesc": "Cabbage",
              "itemNbr": 123456,
            },
          ],
          "palletCreateTS": "2021-01-01",
          "palletId": 1,
        },
        Object {
          "items": Array [
            Object {
              "itemDesc": "Nature Valley Honey Nut Granola Bars",
              "itemNbr": 500252,
            },
            Object {
              "itemDesc": "Cabbage",
              "itemNbr": 123456,
            },
          ],
          "palletCreateTS": "2021-01-01",
          "palletId": 1,
        },
        Object {
          "items": Array [
            Object {
              "itemDesc": "Nature Valley Honey Nut Granola Bars",
              "itemNbr": 500252,
            },
            Object {
              "itemDesc": "Cabbage",
              "itemNbr": 123456,
            },
          ],
          "palletCreateTS": "2021-01-01",
          "palletId": 1,
        },
        Object {
          "items": Array [
            Object {
              "itemDesc": "Nature Valley Honey Nut Granola Bars",
              "itemNbr": 500252,
            },
            Object {
              "itemDesc": "Cabbage",
              "itemNbr": 123456,
            },
          ],
          "palletCreateTS": "2021-01-01",
          "palletId": 1,
        },
        Object {
          "items": Array [
            Object {
              "itemDesc": "Nature Valley Honey Nut Granola Bars",
              "itemNbr": 500252,
            },
            Object {
              "itemDesc": "Cabbage",
              "itemNbr": 123456,
            },
          ],
          "palletCreateTS": "2021-01-01",
          "palletId": 1,
        },
        Object {
          "items": Array [
            Object {
              "itemDesc": "Nature Valley Honey Nut Granola Bars",
              "itemNbr": 500252,
            },
            Object {
              "itemDesc": "Cabbage",
              "itemNbr": 123456,
            },
          ],
          "palletCreateTS": "2021-01-01",
          "palletId": 1,
        },
        Object {
          "items": Array [
            Object {
              "itemDesc": "Nature Valley Honey Nut Granola Bars",
              "itemNbr": 500252,
            },
            Object {
              "itemDesc": "Cabbage",
              "itemNbr": 123456,
            },
          ],
          "palletCreateTS": "2021-01-01",
          "palletId": 1,
        },
        Object {
          "items": Array [
            Object {
              "itemDesc": "Nature Valley Honey Nut Granola Bars",
              "itemNbr": 500252,
            },
            Object {
              "itemDesc": "Cabbage",
              "itemNbr": 123456,
            },
          ],
          "palletCreateTS": "2021-01-01",
          "palletId": 1,
        },
        Object {
          "items": Array [
            Object {
              "itemDesc": "Nature Valley Honey Nut Granola Bars",
              "itemNbr": 500252,
            },
            Object {
              "itemDesc": "Cabbage",
              "itemNbr": 123456,
            },
          ],
          "palletCreateTS": "2021-01-01",
          "palletId": 1,
        },
        Object {
          "items": Array [
            Object {
              "itemDesc": "Nature Valley Honey Nut Granola Bars",
              "itemNbr": 500252,
            },
            Object {
              "itemDesc": "Cabbage",
              "itemNbr": 123456,
            },
          ],
          "palletCreateTS": "2021-01-01",
          "palletId": 1,
        },
        Object {
          "items": Array [
            Object {
              "itemDesc": "Nature Valley Honey Nut Granola Bars",
              "itemNbr": 500252,
            },
            Object {
              "itemDesc": "Cabbage",
              "itemNbr": 123456,
            },
          ],
          "palletCreateTS": "2021-01-01",
          "palletId": 1,
        },
        Object {
          "items": Array [
            Object {
              "itemDesc": "Nature Valley Honey Nut Granola Bars",
              "itemNbr": 500252,
            },
            Object {
              "itemDesc": "Cabbage",
              "itemNbr": 123456,
            },
          ],
          "palletCreateTS": "2021-01-01",
          "palletId": 1,
        },
        Object {
          "items": Array [
            Object {
              "itemDesc": "Nature Valley Honey Nut Granola Bars",
              "itemNbr": 500252,
            },
            Object {
              "itemDesc": "Cabbage",
              "itemNbr": 123456,
            },
          ],
          "palletCreateTS": "2021-01-01",
          "palletId": 1,
        },
        Object {
          "items": Array [
            Object {
              "itemDesc": "Nature Valley Honey Nut Granola Bars",
              "itemNbr": 500252,
            },
            Object {
              "itemDesc": "Cabbage",
              "itemNbr": 123456,
            },
          ],
          "palletCreateTS": "2021-01-01",
          "palletId": 1,
        },
        Object {
          "items": Array [
            Object {
              "itemDesc": "Nature Valley Honey Nut Granola Bars",
              "itemNbr": 500252,
            },
            Object {
              "itemDesc": "Cabbage",
              "itemNbr": 123456,
            },
          ],
          "palletCreateTS": "2021-01-01",
          "palletId": 1,
        },
        Object {
          "items": Array [
            Object {
              "itemDesc": "Nature Valley Honey Nut Granola Bars",
              "itemNbr": 500252,
            },
            Object {
              "itemDesc": "Cabbage",
              "itemNbr": 123456,
            },
          ],
          "palletCreateTS": "2021-01-01",
          "palletId": 1,
        },
        Object {
          "items": Array [
            Object {
              "itemDesc": "Nature Valley Honey Nut Granola Bars",
              "itemNbr": 500252,
            },
            Object {
              "itemDesc": "Cabbage",
              "itemNbr": 123456,
            },
          ],
          "palletCreateTS": "2021-01-01",
          "palletId": 1,
        },
        Object {
          "items": Array [
            Object {
              "itemDesc": "Nature Valley Honey Nut Granola Bars",
              "itemNbr": 500252,
            },
            Object {
              "itemDesc": "Cabbage",
              "itemNbr": 123456,
            },
          ],
          "palletCreateTS": "2021-01-01",
          "palletId": 1,
        },
        Object {
          "items": Array [
            Object {
              "itemDesc": "Nature Valley Honey Nut Granola Bars",
              "itemNbr": 500252,
            },
            Object {
              "itemDesc": "Cabbage",
              "itemNbr": 123456,
            },
          ],
          "palletCreateTS": "2021-01-01",
          "palletId": 1,
        },
        Object {
          "items": Array [
            Object {
              "itemDesc": "Nature Valley Honey Nut Granola Bars",
              "itemNbr": 500252,
            },
            Object {
              "itemDesc": "Cabbage",
              "itemNbr": 123456,
            },
          ],
          "palletCreateTS": "2021-01-01",
          "palletId": 1,
        },
        Object {
          "items": Array [
            Object {
              "itemDesc": "Nature Valley Honey Nut Granola Bars",
              "itemNbr": 500252,
            },
            Object {
              "itemDesc": "Cabbage",
              "itemNbr": 123456,
            },
          ],
          "palletCreateTS": "2021-01-01",
          "palletId": 1,
        },
        Object {
          "items": Array [
            Object {
              "itemDesc": "Nature Valley Honey Nut Granola Bars",
              "itemNbr": 500252,
            },
            Object {
              "itemDesc": "Cabbage",
              "itemNbr": 123456,
            },
          ],
          "palletCreateTS": "2021-01-01",
          "palletId": 1,
        },
        Object {
          "items": Array [
            Object {
              "itemDesc": "Nature Valley Honey Nut Granola Bars",
              "itemNbr": 500252,
            },
            Object {
              "itemDesc": "Cabbage",
              "itemNbr": 123456,
            },
          ],
          "palletCreateTS": "2021-01-01",
          "palletId": 1,
        },
        Object {
          "items": Array [
            Object {
              "itemDesc": "Nature Valley Honey Nut Granola Bars",
              "itemNbr": 500252,
            },
            Object {
              "itemDesc": "Cabbage",
              "itemNbr": 123456,
            },
          ],
          "palletCreateTS": "2021-01-01",
          "palletId": 1,
        },
        Object {
          "items": Array [
            Object {
              "itemDesc": "Nature Valley Honey Nut Granola Bars",
              "itemNbr": 500252,
            },
            Object {
              "itemDesc": "Cabbage",
              "itemNbr": 123456,
            },
          ],
          "palletCreateTS": "2021-01-01",
          "palletId": 1,
        },
        Object {
          "items": Array [
            Object {
              "itemDesc": "Nature Valley Honey Nut Granola Bars",
              "itemNbr": 500252,
            },
            Object {
              "itemDesc": "Cabbage",
              "itemNbr": 123456,
            },
          ],
          "palletCreateTS": "2021-01-01",
          "palletId": 1,
        },
        Object {
          "items": Array [
            Object {
              "itemDesc": "Nature Valley Honey Nut Granola Bars",
              "itemNbr": 500252,
            },
            Object {
              "itemDesc": "Cabbage",
              "itemNbr": 123456,
            },
          ],
          "palletCreateTS": "2021-01-01",
          "palletId": 1,
        },
        Object {
          "items": Array [
            Object {
              "itemDesc": "Nature Valley Honey Nut Granola Bars",
              "itemNbr": 500252,
            },
            Object {
              "itemDesc": "Cabbage",
              "itemNbr": 123456,
            },
          ],
          "palletCreateTS": "2021-01-01",
          "palletId": 1,
        },
        Object {
          "items": Array [
            Object {
              "itemDesc": "Nature Valley Honey Nut Granola Bars",
              "itemNbr": 500252,
            },
            Object {
              "itemDesc": "Cabbage",
              "itemNbr": 123456,
            },
          ],
          "palletCreateTS": "2021-01-01",
          "palletId": 1,
        },
        Object {
          "items": Array [
            Object {
              "itemDesc": "Nature Valley Honey Nut Granola Bars",
              "itemNbr": 500252,
            },
            Object {
              "itemDesc": "Cabbage",
              "itemNbr": 123456,
            },
          ],
          "palletCreateTS": "2021-01-01",
          "palletId": 1,
        },
        Object {
          "items": Array [
            Object {
              "itemDesc": "Nature Valley Honey Nut Granola Bars",
              "itemNbr": 500252,
            },
            Object {
              "itemDesc": "Cabbage",
              "itemNbr": 123456,
            },
          ],
          "palletCreateTS": "2021-01-01",
          "palletId": 1,
        },
        Object {
          "items": Array [
            Object {
              "itemDesc": "Nature Valley Honey Nut Granola Bars",
              "itemNbr": 500252,
            },
            Object {
              "itemDesc": "Cabbage",
              "itemNbr": 123456,
            },
          ],
          "palletCreateTS": "2021-01-01",
          "palletId": 1,
        },
        Object {
          "items": Array [
            Object {
              "itemDesc": "Nature Valley Honey Nut Granola Bars",
              "itemNbr": 500252,
            },
            Object {
              "itemDesc": "Cabbage",
              "itemNbr": 123456,
            },
          ],
          "palletCreateTS": "2021-01-01",
          "palletId": 1,
        },
        Object {
          "items": Array [
            Object {
              "itemDesc": "Nature Valley Honey Nut Granola Bars",
              "itemNbr": 500252,
            },
            Object {
              "itemDesc": "Cabbage",
              "itemNbr": 123456,
            },
          ],
          "palletCreateTS": "2021-01-01",
          "palletId": 1,
        },
        Object {
          "items": Array [
            Object {
              "itemDesc": "Nature Valley Honey Nut Granola Bars",
              "itemNbr": 500252,
            },
            Object {
              "itemDesc": "Cabbage",
              "itemNbr": 123456,
            },
          ],
          "palletCreateTS": "2021-01-01",
          "palletId": 1,
        },
        Object {
          "items": Array [
            Object {
              "itemDesc": "Nature Valley Honey Nut Granola Bars",
              "itemNbr": 500252,
            },
            Object {
              "itemDesc": "Cabbage",
              "itemNbr": 123456,
            },
          ],
          "palletCreateTS": "2021-01-01",
          "palletId": 1,
        },
        Object {
          "items": Array [
            Object {
              "itemDesc": "Nature Valley Honey Nut Granola Bars",
              "itemNbr": 500252,
            },
            Object {
              "itemDesc": "Cabbage",
              "itemNbr": 123456,
            },
          ],
          "palletCreateTS": "2021-01-01",
          "palletId": 1,
        },
        Object {
          "items": Array [
            Object {
              "itemDesc": "Nature Valley Honey Nut Granola Bars",
              "itemNbr": 500252,
            },
            Object {
              "itemDesc": "Cabbage",
              "itemNbr": 123456,
            },
          ],
          "palletCreateTS": "2021-01-01",
          "palletId": 1,
        },
        Object {
          "items": Array [
            Object {
              "itemDesc": "Nature Valley Honey Nut Granola Bars",
              "itemNbr": 500252,
            },
            Object {
              "itemDesc": "Cabbage",
              "itemNbr": 123456,
            },
          ],
          "palletCreateTS": "2021-01-01",
          "palletId": 1,
        },
        Object {
          "items": Array [
            Object {
              "itemDesc": "Nature Valley Honey Nut Granola Bars",
              "itemNbr": 500252,
            },
            Object {
              "itemDesc": "Cabbage",
              "itemNbr": 123456,
            },
          ],
          "palletCreateTS": "2021-01-01",
          "palletId": 1,
        },
        Object {
          "items": Array [
            Object {
              "itemDesc": "Nature Valley Honey Nut Granola Bars",
              "itemNbr": 500252,
            },
            Object {
              "itemDesc": "Cabbage",
              "itemNbr": 123456,
            },
          ],
          "palletCreateTS": "2021-01-01",
          "palletId": 1,
        },
        Object {
          "items": Array [
            Object {
              "itemDesc": "Nature Valley Honey Nut Granola Bars",
              "itemNbr": 500252,
            },
            Object {
              "itemDesc": "Cabbage",
              "itemNbr": 123456,
            },
          ],
          "palletCreateTS": "2021-01-01",
          "palletId": 1,
        },
        Object {
          "items": Array [
            Object {
              "itemDesc": "Nature Valley Honey Nut Granola Bars",
              "itemNbr": 500252,
            },
            Object {
              "itemDesc": "Cabbage",
              "itemNbr": 123456,
            },
          ],
          "palletCreateTS": "2021-01-01",
          "palletId": 1,
        },
        Object {
          "items": Array [
            Object {
              "itemDesc": "Nature Valley Honey Nut Granola Bars",
              "itemNbr": 500252,
            },
            Object {
              "itemDesc": "Cabbage",
              "itemNbr": 123456,
            },
          ],
          "palletCreateTS": "2021-01-01",
          "palletId": 1,
        },
        Object {
          "items": Array [
            Object {
              "itemDesc": "Nature Valley Honey Nut Granola Bars",
              "itemNbr": 500252,
            },
            Object {
              "itemDesc": "Cabbage",
              "itemNbr": 123456,
            },
          ],
          "palletCreateTS": "2021-01-01",
          "palletId": 1,
        },
        Object {
          "items": Array [
            Object {
              "itemDesc": "Nature Valley Honey Nut Granola Bars",
              "itemNbr": 500252,
            },
            Object {
              "itemDesc": "Cabbage",
              "itemNbr": 123456,
            },
          ],
          "palletCreateTS": "2021-01-01",
          "palletId": 1,
        },
        Object {
          "items": Array [
            Object {
              "itemDesc": "Nature Valley Honey Nut Granola Bars",
              "itemNbr": 500252,
            },
            Object {
              "itemDesc": "Cabbage",
              "itemNbr": 123456,
            },
          ],
          "palletCreateTS": "2021-01-01",
          "palletId": 1,
        },
        Object {
          "items": Array [
            Object {
              "itemDesc": "Nature Valley Honey Nut Granola Bars",
              "itemNbr": 500252,
            },
            Object {
              "itemDesc": "Cabbage",
              "itemNbr": 123456,
            },
          ],
          "palletCreateTS": "2021-01-01",
          "palletId": 1,
        },
        Object {
          "items": Array [
            Object {
              "itemDesc": "Nature Valley Honey Nut Granola Bars",
              "itemNbr": 500252,
            },
            Object {
              "itemDesc": "Cabbage",
              "itemNbr": 123456,
            },
          ],
          "palletCreateTS": "2021-01-01",
          "palletId": 1,
        },
        Object {
          "items": Array [
            Object {
              "itemDesc": "Nature Valley Honey Nut Granola Bars",
              "itemNbr": 500252,
            },
            Object {
              "itemDesc": "Cabbage",
              "itemNbr": 123456,
            },
          ],
          "palletCreateTS": "2021-01-01",
          "palletId": 1,
        },
        Object {
          "items": Array [
            Object {
              "itemDesc": "Nature Valley Honey Nut Granola Bars",
              "itemNbr": 500252,
            },
            Object {
              "itemDesc": "Cabbage",
              "itemNbr": 123456,
            },
          ],
          "palletCreateTS": "2021-01-01",
          "palletId": 1,
        },
        Object {
          "items": Array [
            Object {
              "itemDesc": "Nature Valley Honey Nut Granola Bars",
              "itemNbr": 500252,
            },
            Object {
              "itemDesc": "Cabbage",
              "itemNbr": 123456,
            },
          ],
          "palletCreateTS": "2021-01-01",
          "palletId": 1,
        },
        Object {
          "items": Array [
            Object {
              "itemDesc": "Nature Valley Honey Nut Granola Bars",
              "itemNbr": 500252,
            },
            Object {
              "itemDesc": "Cabbage",
              "itemNbr": 123456,
            },
          ],
          "palletCreateTS": "2021-01-01",
          "palletId": 1,
        },
        Object {
          "items": Array [
            Object {
              "itemDesc": "Nature Valley Honey Nut Granola Bars",
              "itemNbr": 500252,
            },
            Object {
              "itemDesc": "Cabbage",
              "itemNbr": 123456,
            },
          ],
          "palletCreateTS": "2021-01-01",
          "palletId": 1,
        },
        Object {
          "items": Array [
            Object {
              "itemDesc": "Nature Valley Honey Nut Granola Bars",
              "itemNbr": 500252,
            },
            Object {
              "itemDesc": "Cabbage",
              "itemNbr": 123456,
            },
          ],
          "palletCreateTS": "2021-01-01",
          "palletId": 1,
        },
        Object {
          "items": Array [
            Object {
              "itemDesc": "Nature Valley Honey Nut Granola Bars",
              "itemNbr": 500252,
            },
            Object {
              "itemDesc": "Cabbage",
              "itemNbr": 123456,
            },
          ],
          "palletCreateTS": "2021-01-01",
          "palletId": 1,
        },
        Object {
          "items": Array [
            Object {
              "itemDesc": "Nature Valley Honey Nut Granola Bars",
              "itemNbr": 500252,
            },
            Object {
              "itemDesc": "Cabbage",
              "itemNbr": 123456,
            },
          ],
          "palletCreateTS": "2021-01-01",
          "palletId": 1,
        },
        Object {
          "items": Array [
            Object {
              "itemDesc": "Nature Valley Honey Nut Granola Bars",
              "itemNbr": 500252,
            },
            Object {
              "itemDesc": "Cabbage",
              "itemNbr": 123456,
            },
          ],
          "palletCreateTS": "2021-01-01",
          "palletId": 1,
        },
        Object {
          "items": Array [
            Object {
              "itemDesc": "Nature Valley Honey Nut Granola Bars",
              "itemNbr": 500252,
            },
            Object {
              "itemDesc": "Cabbage",
              "itemNbr": 123456,
            },
          ],
          "palletCreateTS": "2021-01-01",
          "palletId": 1,
        },
        Object {
          "items": Array [
            Object {
              "itemDesc": "Nature Valley Honey Nut Granola Bars",
              "itemNbr": 500252,
            },
            Object {
              "itemDesc": "Cabbage",
              "itemNbr": 123456,
            },
          ],
          "palletCreateTS": "2021-01-01",
          "palletId": 1,
        },
        Object {
          "items": Array [
            Object {
              "itemDesc": "Nature Valley Honey Nut Granola Bars",
              "itemNbr": 500252,
            },
            Object {
              "itemDesc": "Cabbage",
              "itemNbr": 123456,
            },
          ],
          "palletCreateTS": "2021-01-01",
          "palletId": 1,
        },
        Object {
          "items": Array [
            Object {
              "itemDesc": "Nature Valley Honey Nut Granola Bars",
              "itemNbr": 500252,
            },
            Object {
              "itemDesc": "Cabbage",
              "itemNbr": 123456,
            },
          ],
          "palletCreateTS": "2021-01-01",
          "palletId": 1,
        },
        Object {
          "items": Array [
            Object {
              "itemDesc": "Nature Valley Honey Nut Granola Bars",
              "itemNbr": 500252,
            },
            Object {
              "itemDesc": "Cabbage",
              "itemNbr": 123456,
            },
          ],
          "palletCreateTS": "2021-01-01",
          "palletId": 1,
        },
        Object {
          "items": Array [
            Object {
              "itemDesc": "Nature Valley Honey Nut Granola Bars",
              "itemNbr": 500252,
            },
            Object {
              "itemDesc": "Cabbage",
              "itemNbr": 123456,
            },
          ],
          "palletCreateTS": "2021-01-01",
          "palletId": 1,
        },
        Object {
          "items": Array [
            Object {
              "itemDesc": "Nature Valley Honey Nut Granola Bars",
              "itemNbr": 500252,
            },
            Object {
              "itemDesc": "Cabbage",
              "itemNbr": 123456,
            },
          ],
          "palletCreateTS": "2021-01-01",
          "palletId": 1,
        },
        Object {
          "items": Array [
            Object {
              "itemDesc": "Nature Valley Honey Nut Granola Bars",
              "itemNbr": 500252,
            },
            Object {
              "itemDesc": "Cabbage",
              "itemNbr": 123456,
            },
          ],
          "palletCreateTS": "2021-01-01",
          "palletId": 1,
        },
        Object {
          "items": Array [
            Object {
              "itemDesc": "Nature Valley Honey Nut Granola Bars",
              "itemNbr": 500252,
            },
            Object {
              "itemDesc": "Cabbage",
              "itemNbr": 123456,
            },
          ],
          "palletCreateTS": "2021-01-01",
          "palletId": 1,
        },
        Object {
          "items": Array [
            Object {
              "itemDesc": "Nature Valley Honey Nut Granola Bars",
              "itemNbr": 500252,
            },
            Object {
              "itemDesc": "Cabbage",
              "itemNbr": 123456,
            },
          ],
          "palletCreateTS": "2021-01-01",
          "palletId": 1,
        },
        Object {
          "items": Array [
            Object {
              "itemDesc": "Nature Valley Honey Nut Granola Bars",
              "itemNbr": 500252,
            },
            Object {
              "itemDesc": "Cabbage",
              "itemNbr": 123456,
            },
          ],
          "palletCreateTS": "2021-01-01",
          "palletId": 1,
        },
        Object {
          "items": Array [
            Object {
              "itemDesc": "Nature Valley Honey Nut Granola Bars",
              "itemNbr": 500252,
            },
            Object {
              "itemDesc": "Cabbage",
              "itemNbr": 123456,
            },
          ],
          "palletCreateTS": "2021-01-01",
          "palletId": 1,
        },
      ]
    }
    disableVirtualization={false}
    horizontal={false}
    initialNumToRender={10}
    keyExtractor={[Function]}
    maxToRenderPerBatch={10}
    numColumns={1}
    onEndReachedThreshold={2}
    removeClippedSubviews={false}
    renderItem={[Function]}
    scrollEventThrottle={50}
    updateCellsBatchingPeriod={50}
    windowSize={21}
  />
</View>
`;

exports[`ReservePalletList Component Renders an empty list of ReservePallets 1`] = `
<View
  style={
    Object {
      "flex": 1,
    }
  }
>
  <FlatList
    data={Array []}
    disableVirtualization={false}
    horizontal={false}
    initialNumToRender={10}
    keyExtractor={[Function]}
    maxToRenderPerBatch={10}
    numColumns={1}
    onEndReachedThreshold={2}
    removeClippedSubviews={false}
    renderItem={[Function]}
    scrollEventThrottle={50}
    updateCellsBatchingPeriod={50}
    windowSize={21}
  />
</View>
`;
